
> transport-next@0.1.0 build
> next build

Γû▓ Next.js 16.1.6 (Turbopack)

  Creating an optimized production build ...
Γ£ô Compiled successfully in 45s
  Running TypeScript ...
  Collecting page data using 3 workers ...
  Generating static pages using 3 workers (0/223) ...
  Generating static pages using 3 workers (55/223) 
  Generating static pages using 3 workers (111/223) 
  Generating static pages using 3 workers (167/223) 
Γ£ô Generating static pages using 3 workers (223/223) in 9.7s
  Finalizing page optimization ...

Route (app)
Γöî Γùï /
Γö£ Γùï /_not-found
Γö£ Γùï /about
Γö£ ╞Æ /api/contact
Γö£ Γùï /brands
Γö£ Γùï /brands/actronair
Γö£ Γùï /brands/bonaire
Γö£ Γùï /brands/braemar
Γö£ Γùï /brands/breezair
Γö£ Γùï /brands/brivis
Γö£ Γùï /brands/carrier
Γö£ Γùï /brands/celair
Γö£ Γùï /brands/fujitsu
Γö£ Γùï /brands/haier
Γö£ Γùï /brands/hitachi
Γö£ Γùï /brands/kaden
Γö£ Γùï /brands/lg
Γö£ Γùï /brands/mitsubishi-electric
Γö£ Γùï /brands/panasonic
Γö£ Γùï /brands/rinnai
Γö£ Γùï /brands/samsung
Γö£ Γùï /brands/sharp
Γö£ Γùï /brands/toshiba
Γö£ Γùï /brands/vulcan
Γö£ Γùï /brands/york
Γö£ Γùï /contact
Γö£ Γùï /emergency-services
Γö£ Γùï /emergency-services/ac-breakdown-rescue-melbourne
Γö£ Γùï /emergency-services/emergency-gas-ducted-repair-melbourne
Γö£ Γùï /emergency-services/emergency-gas-leak-repair-melbourne
Γö£ Γùï /emergency-services/emergency-hydronic-repair-melbourne
Γö£ Γùï /emergency-services/emergency-split-system-repair-melbourne
Γö£ Γùï /emergency-services/hydronic-leak-repair
Γö£ Γùï /faqs
Γö£ Γùï /gas-ducted-heating
Γö£ Γùï /gas-ducted-heating/emergency-gas-ducted-repair-melbourne
Γö£ Γùï /gas-ducted-heating/gas-ducted-installation-melbourne
Γö£ Γùï /gas-ducted-heating/gas-heater-repair-melbourne
Γö£ Γùï /gas-ducted-heating/gas-heater-replacement-maintenance-melbourne
Γö£ Γùï /gas-ducted-heating/gas-heater-service-and-maintenance-melbourne
Γö£ Γùï /hydronic-heating
Γö£ Γùï /hydronic-heating/emergency-hydronic-repair-melbourne
Γö£ Γùï /hydronic-heating/hydronic-heater-installation-melbourne
Γö£ Γùï /hydronic-heating/hydronic-heater-repair-melbourne
Γö£ Γùï /hydronic-heating/hydronic-heater-service-maintainance-melbourne
Γö£ Γùï /hydronic-heating/underfloor-slab-heating-repair-melbourne
Γö£ Γùï /robots.txt
Γö£ Γùï /self-care
Γö£ Γùï /self-care/actronair
Γö£ Γùï /self-care/braemar
Γö£ Γùï /self-care/breezair
Γö£ Γùï /self-care/brivis
Γö£ Γùï /self-care/carrier
Γö£ Γùï /self-care/celair
Γö£ Γùï /self-care/fujitsu
Γö£ Γùï /self-care/haier
Γö£ Γùï /self-care/hitachi
Γö£ Γùï /self-care/kaden
Γö£ Γùï /self-care/lg
Γö£ Γùï /self-care/mitsubishi-electric
Γö£ Γùï /self-care/panasonic
Γö£ Γùï /self-care/rinnai
Γö£ Γùï /self-care/samsung
Γö£ Γùï /self-care/sharp
Γö£ Γùï /self-care/toshiba
Γö£ Γùï /self-care/vulcan
Γö£ Γùï /self-care/york
Γö£ Γùï /service-areas
Γö£ Γùï /service-areas/armadale
Γö£ Γùï /service-areas/ashwood
Γö£ Γùï /service-areas/attwood
Γö£ Γùï /service-areas/avonsleigh
Γö£ Γùï /service-areas/badger-creek
Γö£ Γùï /service-areas/baxter
Γö£ Γùï /service-areas/bayswater
Γö£ Γùï /service-areas/beaconsfield
Γö£ Γùï /service-areas/beaumaris
Γö£ Γùï /service-areas/belgrave
Γö£ Γùï /service-areas/bentleigh
Γö£ Γùï /service-areas/bentleigh-east
Γö£ Γùï /service-areas/berwick
Γö£ Γùï /service-areas/bittern
Γö£ Γùï /service-areas/black-rock
Γö£ Γùï /service-areas/blackburn-north
Γö£ Γùï /service-areas/blairgowrie
Γö£ Γùï /service-areas/boneo
Γö£ Γùï /service-areas/boronia
Γö£ Γùï /service-areas/botanic-ridge
Γö£ Γùï /service-areas/box-hill
Γö£ Γùï /service-areas/briar-hill
Γö£ Γùï /service-areas/brighton
Γö£ Γùï /service-areas/brighton-east
Γö£ Γùï /service-areas/broadmeadows
Γö£ Γùï /service-areas/bundoora
Γö£ Γùï /service-areas/burwood-3125
Γö£ Γùï /service-areas/burwood-chadstone
Γö£ Γùï /service-areas/burwood-east
Γö£ Γùï /service-areas/caulfield
Γö£ Γùï /service-areas/chadstone
Γö£ Γùï /service-areas/chelsea
Γö£ Γùï /service-areas/chelsea-heights
Γö£ Γùï /service-areas/chirnside-park
Γö£ Γùï /service-areas/clayton
Γö£ Γùï /service-areas/clayton-south
Γö£ Γùï /service-areas/clyde
Γö£ Γùï /service-areas/clyde-north
Γö£ Γùï /service-areas/dandenong
Γö£ Γùï /service-areas/dandenong-north
Γö£ Γùï /service-areas/dandenong-south
Γö£ Γùï /service-areas/doncaster
Γö£ Γùï /service-areas/doncaster-east
Γö£ Γùï /service-areas/donvale
Γö£ Γùï /service-areas/doveton
Γö£ Γùï /service-areas/eaglehawk
Γö£ Γùï /service-areas/epping
Γö£ Γùï /service-areas/essendon
Γö£ Γùï /service-areas/essendon-fields
Γö£ Γùï /service-areas/fawkner
Γö£ Γùï /service-areas/ferntree-gully
Γö£ Γùï /service-areas/frankston
Γö£ Γùï /service-areas/frankston-north
Γö£ Γùï /service-areas/frankston-south
Γö£ Γùï /service-areas/gembrook
Γö£ Γùï /service-areas/glen-waverley
Γö£ Γùï /service-areas/greensborough
Γö£ Γùï /service-areas/hallam
Γö£ Γùï /service-areas/hampton
Γö£ Γùï /service-areas/hampton-park
Γö£ Γùï /service-areas/heatherton
Γö£ Γùï /service-areas/highett
Γö£ Γùï /service-areas/hillside
Γö£ Γùï /service-areas/hoppers-crossing
Γö£ Γùï /service-areas/keilor
Γö£ Γùï /service-areas/keilor-downs
Γö£ Γùï /service-areas/keilor-lodge
Γö£ Γùï /service-areas/kings-park
Γö£ Γùï /service-areas/knoxfield
Γö£ Γùï /service-areas/lakes-entrance
Γö£ Γùï /service-areas/lalor
Γö£ Γùï /service-areas/langwarrin
Γö£ Γùï /service-areas/lara
Γö£ Γùï /service-areas/laverton
Γö£ Γùï /service-areas/laverton-north
Γö£ Γùï /service-areas/lilydale
Γö£ Γùï /service-areas/little-river
Γö£ Γùï /service-areas/macleod
Γö£ Γùï /service-areas/maroondah
Γö£ Γùï /service-areas/melbourne-airport
Γö£ Γùï /service-areas/melbourne-cbd
Γö£ Γùï /service-areas/melbourne-east
Γö£ Γùï /service-areas/melbourne-south
Γö£ Γùï /service-areas/melton
Γö£ Γùï /service-areas/melton-south
Γö£ Γùï /service-areas/mordialloc
Γö£ Γùï /service-areas/mornington
Γö£ Γùï /service-areas/mount-eliza
Γö£ Γùï /service-areas/mount-evelyn
Γö£ Γùï /service-areas/mount-waverley
Γö£ Γùï /service-areas/narre-warren
Γö£ Γùï /service-areas/narre-warren-north
Γö£ Γùï /service-areas/narre-warren-south
Γö£ Γùï /service-areas/north-melbourne
Γö£ Γùï /service-areas/northcote
Γö£ Γùï /service-areas/oakleigh
Γö£ Γùï /service-areas/oakleigh-south
Γö£ Γùï /service-areas/pakenham
Γö£ Γùï /service-areas/pakenham-south
Γö£ Γùï /service-areas/pakenham-upper
Γö£ Γùï /service-areas/parkdale
Γö£ Γùï /service-areas/pascoe-vale
Γö£ Γùï /service-areas/pascoe-vale-south
Γö£ Γùï /service-areas/point-cook
Γö£ Γùï /service-areas/point-leo
Γö£ Γùï /service-areas/port-melbourne
Γö£ Γùï /service-areas/ringwood
Γö£ Γùï /service-areas/ringwood-east
Γö£ Γùï /service-areas/ringwood-north
Γö£ Γùï /service-areas/rivervale
Γö£ Γùï /service-areas/rowville
Γö£ Γùï /service-areas/sandringham
Γö£ Γùï /service-areas/scoresby
Γö£ Γùï /service-areas/seaford
Γö£ Γùï /service-areas/skye
Γö£ Γùï /service-areas/somerville
Γö£ Γùï /service-areas/south-melbourne
Γö£ Γùï /service-areas/south-morang
Γö£ Γùï /service-areas/southbank
Γö£ Γùï /service-areas/springvale
Γö£ Γùï /service-areas/springvale-south
Γö£ Γùï /service-areas/st-albans
Γö£ Γùï /service-areas/st-kilda
Γö£ Γùï /service-areas/st-kilda-east
Γö£ Γùï /service-areas/sunshine
Γö£ Γùï /service-areas/sunshine-north
Γö£ Γùï /service-areas/sunshine-west
Γö£ Γùï /service-areas/tarneit
Γö£ Γùï /service-areas/tooradin
Γö£ Γùï /service-areas/toorak
Γö£ Γùï /service-areas/truemans
Γö£ Γùï /service-areas/tyabb
Γö£ Γùï /service-areas/upper-ferntree-gully
Γö£ Γùï /service-areas/wantirna
Γö£ Γùï /service-areas/wantirna-south
Γö£ Γùï /service-areas/werribee
Γö£ Γùï /service-areas/werribee-south
Γö£ Γùï /service-areas/wheelers-hill
Γö£ Γùï /service-areas/yallambie
Γö£ Γùï /service-areas/yarra-glen
Γö£ Γùï /service-areas/yarra-junction
Γö£ Γùï /service-areas/yarraville
Γö£ Γùï /service-areas/yellingbo
Γö£ Γùï /service-areas/yering
Γö£ Γùï /services
Γö£ Γùï /sitemap.xml
Γö£ Γùï /split-system-air-conditioning
Γö£ Γùï /split-system-air-conditioning/ac-deep-cleaning-sanitization-melbourne
Γö£ Γùï /split-system-air-conditioning/emergency-split-system-repair-melbourne
Γö£ Γùï /split-system-air-conditioning/multi-head-system-service-melbourne
Γö£ Γùï /split-system-air-conditioning/split-system-installation-melbourne
Γö£ Γùï /split-system-air-conditioning/split-system-repair-melbourne
Γöö Γùï /team


Γùï  (Static)   prerendered as static content
╞Æ  (Dynamic)  server-rendered on demand

